// Jest Snapshot v1, https://goo.gl/fbAQLP

exports[`renders correctly 1`] = `
<div>
  <div
    className="login"
  >
    <form
      style={
        Object {
          "textAlign": "center",
        }
      }
    >
      <div
        style={
          Object {
            "WebkitTapHighlightColor": "rgba(0,0,0,0)",
            "backgroundColor": "#00bcd4",
            "borderRadius": "0px",
            "boxShadow": "0 1px 6px rgba(0, 0, 0, 0.12),
         0 1px 4px rgba(0, 0, 0, 0.12)",
            "boxSizing": "border-box",
            "color": "rgba(0, 0, 0, 0.87)",
            "display": "flex",
            "fontFamily": "Roboto, sans-serif",
            "muiPrepared": true,
            "paddingLeft": 24,
            "paddingRight": 24,
            "position": "relative",
            "transition": "all 450ms cubic-bezier(0.23, 1, 0.32, 1) 0ms",
            "width": "100%",
            "zIndex": 1100,
          }
        }
      >
        <button
          disabled={false}
          onBlur={[Function]}
          onClick={[Function]}
          onFocus={[Function]}
          onKeyDown={[Function]}
          onKeyUp={[Function]}
          onMouseEnter={[Function]}
          onMouseLeave={[Function]}
          onMouseOut={[Function]}
          onTouchStart={[Function]}
          style={
            Object {
              "WebkitTapHighlightColor": "rgba(0, 0, 0, 0)",
              "background": "none",
              "border": 10,
              "boxSizing": "border-box",
              "cursor": "pointer",
              "display": "inline-block",
              "fontFamily": "Roboto, sans-serif",
              "fontSize": 0,
              "fontWeight": "inherit",
              "height": 48,
              "margin": 0,
              "marginLeft": -16,
              "marginRight": 8,
              "marginTop": 8,
              "muiPrepared": true,
              "outline": "none",
              "overflow": "visible",
              "padding": 12,
              "position": "relative",
              "textDecoration": "none",
              "transition": "all 450ms cubic-bezier(0.23, 1, 0.32, 1) 0ms",
              "verticalAlign": null,
              "width": 48,
            }
          }
          tabIndex={0}
          type="button"
        >
          <div
            onMouseDown={[Function]}
            onMouseLeave={[Function]}
            onMouseUp={[Function]}
            onTouchEnd={[Function]}
            onTouchStart={[Function]}
          >
            <svg
              onMouseEnter={[Function]}
              onMouseLeave={[Function]}
              style={
                Object {
                  "color": "#ffffff",
                  "display": "inline-block",
                  "fill": "#ffffff",
                  "height": 24,
                  "muiPrepared": true,
                  "transition": "all 450ms cubic-bezier(0.23, 1, 0.32, 1) 0ms",
                  "userSelect": "none",
                  "width": 24,
                }
              }
              viewBox="0 0 24 24"
            >
              <path
                d="M3 18h18v-2H3v2zm0-5h18v-2H3v2zm0-7v2h18V6H3z"
              />
            </svg>
          </div>
        </button>
        <h1
          onClick={[Function]}
          style={
            Object {
              "boxFlex": 1,
              "color": "#ffffff",
              "flex": "1",
              "fontSize": 24,
              "fontWeight": 400,
              "height": 64,
              "letterSpacing": 0,
              "lineHeight": "64px",
              "margin": 0,
              "muiPrepared": true,
              "overflow": "hidden",
              "paddingTop": 0,
              "textOverflow": "ellipsis",
              "whiteSpace": "nowrap",
            }
          }
        >
          Zinq
        </h1>
      </div>
      <h1>
        Login
      </h1>
      <div
        style={
          Object {
            "alignItems": "center",
            "backgroundColor": "transparent",
            "cursor": "auto",
            "display": "inline-block",
            "fontFamily": "Roboto, sans-serif",
            "fontSize": 16,
            "height": 72,
            "lineHeight": "24px",
            "muiPrepared": true,
            "position": "relative",
            "transition": "height 200ms cubic-bezier(0.23, 1, 0.32, 1) 0ms",
            "width": 256,
          }
        }
      >
        <label
          htmlFor="useremail"
          style={
            Object {
              "color": "rgba(0, 0, 0, 0.3)",
              "lineHeight": "22px",
              "muiPrepared": true,
              "pointerEvents": "none",
              "position": "absolute",
              "top": 38,
              "transform": "scale(1) translate(0, 0)",
              "transformOrigin": "left top",
              "transition": "all 450ms cubic-bezier(0.23, 1, 0.32, 1) 0ms",
              "userSelect": "none",
              "zIndex": 1,
            }
          }
        >
          Enter username here
        </label>
        <div
          style={
            Object {
              "bottom": 12,
              "color": "rgba(0, 0, 0, 0.3)",
              "muiPrepared": true,
              "opacity": 0,
              "position": "absolute",
              "transition": "all 450ms cubic-bezier(0.23, 1, 0.32, 1) 0ms",
            }
          }
        >
          username
        </div>
        <input
          autoComplete={true}
          autoFocus={true}
          disabled={false}
          id="useremail"
          onBlur={[Function]}
          onChange={[Function]}
          onFocus={[Function]}
          style={
            Object {
              "WebkitOpacity": 1,
              "WebkitTapHighlightColor": "rgba(0,0,0,0)",
              "appearance": "textfield",
              "backgroundColor": "rgba(0,0,0,0)",
              "border": "none",
              "boxSizing": "border-box",
              "color": "rgba(0, 0, 0, 0.87)",
              "cursor": "inherit",
              "font": "inherit",
              "height": "100%",
              "marginTop": 14,
              "muiPrepared": true,
              "outline": "none",
              "padding": 0,
              "position": "relative",
              "width": "100%",
            }
          }
          type="email"
        />
        <div>
          <hr
            aria-hidden="true"
            style={
              Object {
                "borderBottomStyle": "solid",
                "borderBottomWidth": 1,
                "borderColor": "#e0e0e0",
                "borderLeft": "none",
                "borderRight": "none",
                "borderTop": "none",
                "bottom": 8,
                "boxSizing": "content-box",
                "margin": 0,
                "muiPrepared": true,
                "position": "absolute",
                "width": "100%",
              }
            }
          />
          <hr
            aria-hidden="true"
            style={
              Object {
                "borderBottomStyle": "solid",
                "borderBottomWidth": 2,
                "borderColor": "#00bcd4",
                "borderLeft": "none",
                "borderRight": "none",
                "borderTop": "none",
                "bottom": 8,
                "boxSizing": "content-box",
                "margin": 0,
                "muiPrepared": true,
                "position": "absolute",
                "transform": "scaleX(0)",
                "transition": "all 450ms cubic-bezier(0.23, 1, 0.32, 1) 0ms",
                "width": "100%",
              }
            }
          />
        </div>
      </div>
      <br />
      <div
        style={
          Object {
            "alignItems": "center",
            "backgroundColor": "transparent",
            "cursor": "auto",
            "display": "inline-block",
            "fontFamily": "Roboto, sans-serif",
            "fontSize": 16,
            "height": 72,
            "lineHeight": "24px",
            "muiPrepared": true,
            "position": "relative",
            "transition": "height 200ms cubic-bezier(0.23, 1, 0.32, 1) 0ms",
            "width": 256,
          }
        }
      >
        <label
          htmlFor="userpwd"
          style={
            Object {
              "color": "rgba(0, 0, 0, 0.3)",
              "lineHeight": "22px",
              "muiPrepared": true,
              "pointerEvents": "none",
              "position": "absolute",
              "top": 38,
              "transform": "scale(1) translate(0, 0)",
              "transformOrigin": "left top",
              "transition": "all 450ms cubic-bezier(0.23, 1, 0.32, 1) 0ms",
              "userSelect": "none",
              "zIndex": 1,
            }
          }
        >
          Enter password here
        </label>
        <div
          style={
            Object {
              "bottom": 12,
              "color": "rgba(0, 0, 0, 0.3)",
              "muiPrepared": true,
              "opacity": 0,
              "position": "absolute",
              "transition": "all 450ms cubic-bezier(0.23, 1, 0.32, 1) 0ms",
            }
          }
        >
          password
        </div>
        <input
          disabled={false}
          id="userpwd"
          onBlur={[Function]}
          onChange={[Function]}
          onFocus={[Function]}
          style={
            Object {
              "WebkitOpacity": 1,
              "WebkitTapHighlightColor": "rgba(0,0,0,0)",
              "appearance": "textfield",
              "backgroundColor": "rgba(0,0,0,0)",
              "border": "none",
              "boxSizing": "border-box",
              "color": "rgba(0, 0, 0, 0.87)",
              "cursor": "inherit",
              "font": "inherit",
              "height": "100%",
              "marginTop": 14,
              "muiPrepared": true,
              "outline": "none",
              "padding": 0,
              "position": "relative",
              "width": "100%",
            }
          }
          type="password"
        />
        <div>
          <hr
            aria-hidden="true"
            style={
              Object {
                "borderBottomStyle": "solid",
                "borderBottomWidth": 1,
                "borderColor": "#e0e0e0",
                "borderLeft": "none",
                "borderRight": "none",
                "borderTop": "none",
                "bottom": 8,
                "boxSizing": "content-box",
                "margin": 0,
                "muiPrepared": true,
                "position": "absolute",
                "width": "100%",
              }
            }
          />
          <hr
            aria-hidden="true"
            style={
              Object {
                "borderBottomStyle": "solid",
                "borderBottomWidth": 2,
                "borderColor": "#00bcd4",
                "borderLeft": "none",
                "borderRight": "none",
                "borderTop": "none",
                "bottom": 8,
                "boxSizing": "content-box",
                "margin": 0,
                "muiPrepared": true,
                "position": "absolute",
                "transform": "scaleX(0)",
                "transition": "all 450ms cubic-bezier(0.23, 1, 0.32, 1) 0ms",
                "width": "100%",
              }
            }
          />
        </div>
      </div>
      <br />
      <br />
      <div
        style={
          Object {
            "WebkitTapHighlightColor": "rgba(0,0,0,0)",
            "backgroundColor": "#ffffff",
            "borderRadius": 2,
            "boxShadow": "0 1px 6px rgba(0, 0, 0, 0.12),
         0 1px 4px rgba(0, 0, 0, 0.12)",
            "boxSizing": "border-box",
            "color": "rgba(0, 0, 0, 0.87)",
            "display": "inline-block",
            "fontFamily": "Roboto, sans-serif",
            "margin": 15,
            "minWidth": 150,
            "muiPrepared": true,
            "transition": "all 450ms cubic-bezier(0.23, 1, 0.32, 1) 0ms",
          }
        }
      >
        <button
          disabled={false}
          id="btnLogin"
          onBlur={[Function]}
          onClick={[Function]}
          onFocus={[Function]}
          onKeyDown={[Function]}
          onKeyUp={[Function]}
          onMouseDown={[Function]}
          onMouseEnter={[Function]}
          onMouseLeave={[Function]}
          onMouseUp={[Function]}
          onTouchEnd={[Function]}
          onTouchStart={[Function]}
          style={
            Object {
              "WebkitTapHighlightColor": "rgba(0, 0, 0, 0)",
              "backgroundColor": "#00bcd4",
              "border": 10,
              "borderRadius": 2,
              "boxSizing": "border-box",
              "cursor": "pointer",
              "display": "inline-block",
              "fontFamily": "Roboto, sans-serif",
              "fontSize": "inherit",
              "fontWeight": "inherit",
              "height": 36,
              "lineHeight": "36px",
              "margin": 0,
              "muiPrepared": true,
              "outline": "none",
              "padding": 0,
              "position": "relative",
              "textAlign": "center",
              "textDecoration": "none",
              "transition": "all 450ms cubic-bezier(0.23, 1, 0.32, 1) 0ms",
              "verticalAlign": null,
              "width": "100%",
            }
          }
          tabIndex={0}
          type="button"
        >
          <div
            onMouseDown={[Function]}
            onMouseLeave={[Function]}
            onMouseUp={[Function]}
            onTouchEnd={[Function]}
            onTouchStart={[Function]}
          >
            <div
              style={
                Object {
                  "backgroundColor": false,
                  "borderRadius": 2,
                  "height": 36,
                  "muiPrepared": true,
                  "top": 0,
                  "transition": "all 450ms cubic-bezier(0.23, 1, 0.32, 1) 0ms",
                }
              }
            >
              <span
                style={
                  Object {
                    "color": "#ffffff",
                    "fontSize": 14,
                    "fontWeight": 500,
                    "letterSpacing": 0,
                    "margin": 0,
                    "muiPrepared": true,
                    "opacity": 1,
                    "paddingLeft": 16,
                    "paddingRight": 16,
                    "position": "relative",
                    "textTransform": "uppercase",
                    "userSelect": "none",
                  }
                }
              >
                Login
              </span>
            </div>
          </div>
        </button>
      </div>
      <div
        style={
          Object {
            "WebkitTapHighlightColor": "rgba(0,0,0,0)",
            "backgroundColor": "#ffffff",
            "borderRadius": 2,
            "boxShadow": "0 1px 6px rgba(0, 0, 0, 0.12),
         0 1px 4px rgba(0, 0, 0, 0.12)",
            "boxSizing": "border-box",
            "color": "rgba(0, 0, 0, 0.87)",
            "display": "inline-block",
            "fontFamily": "Roboto, sans-serif",
            "margin": 15,
            "minWidth": 150,
            "muiPrepared": true,
            "transition": "all 450ms cubic-bezier(0.23, 1, 0.32, 1) 0ms",
          }
        }
      >
        <button
          disabled={false}
          id="btnCreate"
          onBlur={[Function]}
          onClick={[Function]}
          onFocus={[Function]}
          onKeyDown={[Function]}
          onKeyUp={[Function]}
          onMouseDown={[Function]}
          onMouseEnter={[Function]}
          onMouseLeave={[Function]}
          onMouseUp={[Function]}
          onTouchEnd={[Function]}
          onTouchStart={[Function]}
          style={
            Object {
              "WebkitTapHighlightColor": "rgba(0, 0, 0, 0)",
              "backgroundColor": "#00bcd4",
              "border": 10,
              "borderRadius": 2,
              "boxSizing": "border-box",
              "cursor": "pointer",
              "display": "inline-block",
              "fontFamily": "Roboto, sans-serif",
              "fontSize": "inherit",
              "fontWeight": "inherit",
              "height": 36,
              "lineHeight": "36px",
              "margin": 0,
              "muiPrepared": true,
              "outline": "none",
              "padding": 0,
              "position": "relative",
              "textAlign": "center",
              "textDecoration": "none",
              "transition": "all 450ms cubic-bezier(0.23, 1, 0.32, 1) 0ms",
              "verticalAlign": null,
              "width": "100%",
            }
          }
          tabIndex={0}
          type="button"
        >
          <div
            onMouseDown={[Function]}
            onMouseLeave={[Function]}
            onMouseUp={[Function]}
            onTouchEnd={[Function]}
            onTouchStart={[Function]}
          >
            <div
              style={
                Object {
                  "backgroundColor": false,
                  "borderRadius": 2,
                  "height": 36,
                  "muiPrepared": true,
                  "top": 0,
                  "transition": "all 450ms cubic-bezier(0.23, 1, 0.32, 1) 0ms",
                }
              }
            >
              <span
                style={
                  Object {
                    "color": "#ffffff",
                    "fontSize": 14,
                    "fontWeight": 500,
                    "letterSpacing": 0,
                    "margin": 0,
                    "muiPrepared": true,
                    "opacity": 1,
                    "paddingLeft": 16,
                    "paddingRight": 16,
                    "position": "relative",
                    "textTransform": "uppercase",
                    "userSelect": "none",
                  }
                }
              >
                Create Account
              </span>
            </div>
          </div>
        </button>
      </div>
    </form>
  </div>
</div>
`;
